<html>
<body>
<pre>
<h1>礦ision Build Log</h1>
<h2>Tool Versions:</h2>
IDE-Version: μVision V5.36.0.0
Copyright (C) 2021 ARM Ltd and ARM Germany GmbH. All rights reserved.
License Information: c cc, c, LIC=QF82M-X1ZHE-450T5-GADFG-N40UJ-N0S6W
 
Tool Versions:
Toolchain:       MDK-ARM Plus  Version: 5.36.0.0
Toolchain Path:  D:\SOFTWARE\KEIL\MDK\5.36\ARM\ARMCC\Bin
C Compiler:      Armcc.exe V5.06 update 7 (build 960)
Assembler:       Armasm.exe V5.06 update 7 (build 960)
Linker/Locator:  ArmLink.exe V5.06 update 7 (build 960)
Library Manager: ArmAr.exe V5.06 update 7 (build 960)
Hex Converter:   FromElf.exe V5.06 update 7 (build 960)
CPU DLL:         SARMCM3.DLL V5.36.0.0
Dialog DLL:      DCM.DLL V1.17.3.0
Target DLL:      Segger\JL2CM3.dll V2.99.40.0
Dialog DLL:      TCM.DLL V1.53.0.0
 
<h2>Project:</h2>
F:\onedrive\桌面\test code for camrea projkt\RCT6_OV2640\USER\Hiki.uvprojx
Project File Date:  09/11/2023

<h2>Output:</h2>
*** Using Compiler 'V5.06 update 7 (build 960)', folder: 'D:\SOFTWARE\KEIL\MDK\5.36\ARM\ARMCC\Bin'
Build target 'Hiki'
compiling main.c...
main.c(57): warning:  #177-D: variable "p"  was declared but never referenced
  	u8 *p;
main.c(59): warning:  #177-D: variable "effect"  was declared but never referenced
  	u8 effect=0,expose=0;
main.c(59): warning:  #177-D: variable "expose"  was declared but never referenced
  	u8 effect=0,expose=0;
main.c(61): warning:  #177-D: variable "msgbuf"  was declared but never referenced
  	u8 msgbuf[15];	//消息缓存区 
main.c(211): warning:  #177-D: variable "key_value"  was declared but never referenced
       u8 key_value=0;
main.c: 5 warnings, 0 errors
linking...
Program Size: Code=7176 RO-data=1184 RW-data=92 ZI-data=47932  
FromELF: creating hex file...
"..\OBJ\Hiki.axf" - 0 Error(s), 5 Warning(s).

<h2>Software Packages used:</h2>

Package Vendor: Keil
                http://www.keil.com/pack/Keil.STM32F1xx_DFP.2.4.0.pack
                Keil.STM32F1xx_DFP.2.4.0
                STMicroelectronics STM32F1 Series Device Support, Drivers and Examples

<h2>Collection of Component include folders:</h2>
  D:\SOFTWARE\KEIL\MDK\5.36\Keil\STM32F1xx_DFP\2.4.0\Device\Include

<h2>Collection of Component Files used:</h2>
Build Time Elapsed:  00:00:00
</pre>
</body>
</html>
